2026-03-06 12:16:10,426 - WARNING - Invalid date skipped
2026-03-06 12:16:10,426 - WARNING - Unknown product id
2026-03-06 12:16:10,426 - WARNING - Negative quantity ignored
2026-03-07 21:21:53,285 - WARNING - Invalid date skipped: invalid_date
2026-03-07 21:21:53,286 - WARNING - Unknown product id: P999
2026-03-07 21:21:53,286 - WARNING - Negative quantity ignored for product P003
2026-03-07 21:21:53,286 - INFO - Sales aggregation completed. Processed 30 valid transactions.
2026-03-07 21:22:11,953 - WARNING - Invalid date skipped: invalid_date
2026-03-07 21:22:11,953 - WARNING - Unknown product id: P999
2026-03-07 21:22:11,954 - WARNING - Negative quantity ignored for product P003
2026-03-07 21:22:11,954 - INFO - Sales aggregation completed. Processed 30 valid transactions.
2026-03-07 21:22:43,862 - WARNING - Invalid date skipped: invalid_date
2026-03-07 21:22:43,863 - WARNING - Negative quantity ignored for product P003
2026-03-07 21:22:43,863 - INFO - Sales aggregation completed. Processed 0 valid transactions.
2026-03-07 21:39:00,622 - WARNING - Invalid date skipped: invalid_date
2026-03-07 21:39:00,622 - WARNING - Unknown product id: P999
2026-03-07 21:39:00,622 - WARNING - Negative quantity ignored for product P003
2026-03-07 21:39:00,622 - INFO - Sales aggregation completed. Processed 30 valid transactions.
2026-03-07 21:42:44,681 - WARNING - Invalid date skipped: invalid_date
2026-03-07 21:42:44,681 - WARNING - Unknown product id: P999
2026-03-07 21:42:44,681 - WARNING - Negative quantity ignored for product P003
2026-03-07 21:42:44,681 - INFO - Sales aggregation completed. Processed 30 valid transactions.
2026-03-07 21:43:08,819 - WARNING - Invalid date skipped: invalid_date
2026-03-07 21:43:08,820 - WARNING - Unknown product id: P999
2026-03-07 21:43:08,820 - WARNING - Negative quantity ignored for product P003
2026-03-07 21:43:08,820 - INFO - Sales aggregation completed. Processed 30 valid transactions.
2026-03-07 21:47:14,362 - WARNING - Invalid date skipped: invalid_date
2026-03-07 21:47:14,363 - WARNING - Unknown product id: P999
2026-03-07 21:47:14,363 - WARNING - Negative quantity ignored for product P003
2026-03-07 21:47:14,363 - INFO - Sales aggregation completed. Processed 30 valid transactions.
2026-03-07 21:52:57,008 - WARNING - Invalid date skipped: invalid_date
2026-03-07 21:52:57,009 - WARNING - Unknown product id: P999
2026-03-07 21:52:57,009 - WARNING - Negative quantity ignored for product P003
2026-03-07 21:52:57,009 - INFO - Sales aggregation completed. Processed 30 valid transactions.
2026-03-07 21:54:23,874 - WARNING - Invalid date skipped: invalid_date
2026-03-07 21:54:23,874 - WARNING - Unknown product id: P999
2026-03-07 21:54:23,874 - WARNING - Negative quantity ignored for product P003
2026-03-07 21:54:23,874 - INFO - Sales aggregation completed. Processed 30 valid transactions.
2026-03-07 21:56:30,090 - WARNING - Invalid date skipped: invalid_date
2026-03-07 21:56:30,091 - WARNING - Unknown product id: P999
2026-03-07 21:56:30,091 - WARNING - Negative quantity ignored for product P003
2026-03-07 21:56:30,091 - INFO - Sales aggregation completed. Processed 30 valid transactions.
2026-03-07 21:58:43,877 - WARNING - Invalid date skipped: invalid_date
2026-03-07 21:58:43,877 - WARNING - Unknown product id: P999
2026-03-07 21:58:43,878 - WARNING - Negative quantity ignored for product P003
2026-03-07 21:58:43,878 - INFO - Sales aggregation completed. Processed 30 valid transactions.
2026-03-07 21:59:03,393 - WARNING - Invalid date skipped: invalid_date
2026-03-07 21:59:03,393 - WARNING - Unknown product id: P999
2026-03-07 21:59:03,393 - WARNING - Negative quantity ignored for product P003
2026-03-07 21:59:03,393 - INFO - Sales aggregation completed. Processed 30 valid transactions.
2026-03-07 21:59:31,057 - WARNING - Invalid date skipped: invalid_date
2026-03-07 21:59:31,057 - WARNING - Unknown product id: P999
2026-03-07 21:59:31,057 - WARNING - Negative quantity ignored for product P003
2026-03-07 21:59:31,057 - INFO - Sales aggregation completed. Processed 30 valid transactions.
2026-03-07 22:00:33,679 - WARNING - Invalid date skipped: invalid_date
2026-03-07 22:00:33,680 - WARNING - Unknown product id: P999
2026-03-07 22:00:33,680 - WARNING - Negative quantity ignored for product P003
2026-03-07 22:00:33,680 - INFO - Sales aggregation completed. Processed 30 valid transactions.
2026-03-07 22:00:56,493 - WARNING - Invalid date skipped: invalid_date
2026-03-07 22:00:56,493 - WARNING - Unknown product id: P999
2026-03-07 22:00:56,494 - WARNING - Negative quantity ignored for product P003
2026-03-07 22:00:56,494 - INFO - Sales aggregation completed. Processed 30 valid transactions.
2026-03-07 22:01:31,843 - WARNING - Invalid date skipped: invalid_date
2026-03-07 22:01:31,843 - WARNING - Unknown product id: P999
2026-03-07 22:01:31,843 - WARNING - Negative quantity ignored for product P003
2026-03-07 22:01:31,844 - INFO - Sales aggregation completed. Processed 30 valid transactions.
2026-03-07 22:04:10,551 - WARNING - Invalid date skipped: invalid_date
2026-03-07 22:04:10,551 - WARNING - Unknown product id: P999
2026-03-07 22:04:10,551 - WARNING - Negative quantity ignored for product P003
2026-03-07 22:04:10,552 - INFO - Sales aggregation completed. Processed 30 valid transactions.
2026-03-07 22:04:52,473 - WARNING - Invalid date skipped: invalid_date
2026-03-07 22:04:52,473 - WARNING - Unknown product id: P999
2026-03-07 22:04:52,473 - WARNING - Negative quantity ignored for product P003
2026-03-07 22:04:52,473 - INFO - Sales aggregation completed. Processed 30 valid transactions.
2026-03-07 22:07:01,094 - WARNING - Invalid date skipped: invalid_date
2026-03-07 22:07:01,094 - WARNING - Unknown product id: P999
2026-03-07 22:07:01,094 - WARNING - Negative quantity ignored for product P003
2026-03-07 22:07:01,094 - INFO - Sales aggregation completed. Processed 30 valid transactions.
2026-03-07 22:12:06,644 - WARNING - Invalid date skipped: invalid_date
2026-03-07 22:12:06,644 - WARNING - Unknown product id: P999
2026-03-07 22:12:06,644 - WARNING - Negative quantity ignored for product P003
2026-03-07 22:12:06,644 - INFO - Sales aggregation completed. Processed 30 valid transactions.
2026-03-07 22:14:04,732 - WARNING - Invalid date skipped: invalid_date
2026-03-07 22:14:04,732 - WARNING - Unknown product id: P999
2026-03-07 22:14:04,732 - WARNING - Negative quantity ignored for product P003
2026-03-07 22:14:04,733 - INFO - Sales aggregation completed. Processed 30 valid transactions.
2026-03-07 22:16:20,161 - WARNING - Invalid date skipped: invalid_date
2026-03-07 22:16:20,163 - WARNING - Unknown product id: P999
2026-03-07 22:16:20,163 - WARNING - Negative quantity ignored for product P003
2026-03-07 22:16:20,163 - INFO - Sales aggregation completed. Processed 30 valid transactions.
2026-03-07 22:17:23,010 - WARNING - Invalid date skipped: invalid_date
2026-03-07 22:17:23,011 - WARNING - Unknown product id: P999
2026-03-07 22:17:23,011 - WARNING - Negative quantity ignored for product P003
2026-03-07 22:17:23,011 - INFO - Sales aggregation completed. Processed 30 valid transactions.
2026-03-07 22:17:46,267 - WARNING - Invalid date skipped: invalid_date
2026-03-07 22:17:46,268 - WARNING - Unknown product id: P999
2026-03-07 22:17:46,268 - WARNING - Negative quantity ignored for product P003
2026-03-07 22:17:46,268 - INFO - Sales aggregation completed. Processed 30 valid transactions.
2026-03-07 22:20:01,885 - WARNING - Invalid date skipped: invalid_date
2026-03-07 22:20:01,886 - WARNING - Unknown product id: P999
2026-03-07 22:20:01,886 - WARNING - Negative quantity ignored for product P003
2026-03-07 22:20:01,886 - INFO - Sales aggregation completed. Processed 30 valid transactions.
2026-03-08 06:15:04,504 - WARNING - Invalid date skipped: invalid_date
2026-03-08 06:15:04,504 - WARNING - Unknown product id: P999
2026-03-08 06:15:04,505 - WARNING - Negative quantity ignored for product P003
2026-03-08 06:15:04,505 - INFO - Sales aggregation completed. Processed 30 valid transactions.
2026-03-08 06:16:31,469 - WARNING - Invalid date skipped: invalid_date
2026-03-08 06:16:31,469 - WARNING - Unknown product id: P999
2026-03-08 06:16:31,469 - WARNING - Negative quantity ignored for product P003
2026-03-08 06:16:31,469 - INFO - Sales aggregation completed. Processed 30 valid transactions.
